// Jest Snapshot v1, https://goo.gl/fbAQLP

exports[`search should  1`] = `""`;
